Microchip MPLAB XC8 PIC(R) Assembler V3.0

Linker command line:

-W-3 \
  --edf=C:/Program Files/Microchip/MPLABX/v6.25/packs/Microchip/PIC18F-K_DFP/1.14.301/xc8\pic\dat\20241213203129_en.msgs \
  -cs -h+dist/default/debug\Assembly_Code.debug.sym \
  --cmf=dist/default/debug\Assembly_Code.debug.cmf -z -Q18F87K22 \
  -oC:\Users\johnd\AppData\Local\Temp\xcAs820.\driver_tmp_3.o \
  --fixupoverflow=error -ver=XC8 PIC(R) Assembler --fixupoverflow=lstwarn \
  -Mdist/default/debug/Assembly_Code.debug.map -E1 -ACODE=00h-01FFFFh \
  -ACONST=00h-01FFFFh -ASMALLCONST=01000h-010FFhx240,011000h-0110FFhx240 \
  -AMEDIUMCONST=01000h-0FFFFh,011000h-01FFFFh -ACOMRAM=00h-05Fh \
  -AABS1=00h-0F15h -ABIGRAM=00h-0F15h \
  -ARAM=060h-0FFh,0100h-01FFhx14,0F00h-0F15h -ABANK0=060h-0FFh \
  -ABANK1=0100h-01FFh -ABANK2=0200h-02FFh -ABANK3=0300h-03FFh \
  -ABANK4=0400h-04FFh -ABANK5=0500h-05FFh -ABANK6=0600h-06FFh \
  -ABANK7=0700h-07FFh -ABANK8=0800h-08FFh -ABANK9=0900h-09FFh \
  -ABANK10=0A00h-0AFFh -ABANK11=0B00h-0BFFh -ABANK12=0C00h-0CFFh \
  -ABANK13=0D00h-0DFFh -ABANK14=0E00h-0EFFh -ABANK15=0F00h-0F15h \
  -ASFR=0F16h-0F5Fh,0F60h-0FFFh -ABIGSFR=0F16h-0FFFh \
  -AIDLOC=0200000h-0200007h -AEEDATA=0F00000h-0F003FFh \
  build/default/debug/main.o build/default/debug/config.o \
  build/default/debug/keypad.o build/default/debug/longs.o \
  build/default/debug/data_loader.o build/default/debug/KNN_tools.o 

Object code version is 3.11

Machine type is 18F87K22



                Name                               Link     Load   Length Selector   Space Scale
build/default/debug/main.o
                code                                  0        0      162        0       0
                udata_bank1                         100      100        C      100       1
                udata_acs                            16       16        6        0       1
                config                           300000   300000        E        0       4
build/default/debug/config.o
                config                           300000   300000        E        0       4
build/default/debug/keypad.o
                keypad_code                       1FE3C    1FE3C       2A    1FE3C       0
                udata_acs                            1E       1E        2        0       1
build/default/debug/longs.o
                long_code                         1FE66    1FE66       54    1FE66       0
                udata_acs                             D        D        9        0       1
build/default/debug/data_loader.o
                data_code                         1FEBA    1FEBA       7C    1FEBA       0
                udata_bank2                         200      200       50      200       1
                udata_acs                            1C       1C        2        0       1
build/default/debug/KNN_tools.o
                KNN_code                          1FF36    1FF36       CA    1FF36       0
                udata_acs                             0        0        D        0       1

TOTAL           Name                               Link     Load   Length     Space
        CLASS   CODE           
                code                                  0        0      162         0
                keypad_code                       1FE3C    1FE3C       2A         0
                long_code                         1FE66    1FE66       54         0
                data_code                         1FEBA    1FEBA       7C         0
                KNN_code                          1FF36    1FF36       CA         0

        CLASS   CONST          

        CLASS   SMALLCONST     

        CLASS   MEDIUMCONST    

        CLASS   COMRAM         
                udata_acs                            16       16        6         1
                udata_acs                            1E       1E        2         1
                udata_acs                             D        D        9         1
                udata_acs                            1C       1C        2         1
                udata_acs                             0        0        D         1

        CLASS   ABS1           

        CLASS   BIGRAM         

        CLASS   RAM            

        CLASS   BANK0          

        CLASS   BANK1          
                udata_bank1                         100      100        C         1

        CLASS   BANK2          
                udata_bank2                         200      200       50         1

        CLASS   BANK3          

        CLASS   BANK4          

        CLASS   BANK5          

        CLASS   BANK6          

        CLASS   BANK7          

        CLASS   BANK8          

        CLASS   BANK9          

        CLASS   BANK10         

        CLASS   BANK11         

        CLASS   BANK12         

        CLASS   BANK13         

        CLASS   BANK14         

        CLASS   BANK15         

        CLASS   SFR            

        CLASS   BIGSFR         

        CLASS   IDLOC          

        CLASS   EEDATA         

        CLASS   CONFIG         
                config                           300000   300000        E         4



SEGMENTS        Name                           Load    Length   Top    Selector   Space  Class

                udata_acs                      000000  000020  000020         0       1  COMRAM  
                udata_bank1                    000100  00000C  00010C       100       1  BANK1   
                udata_bank2                    000200  000050  000250       200       1  BANK2   
                keypad_code                    01FE3C  00002A  01FE66     1FE3C       0  CODE    
                long_code                      01FE66  000054  01FEBA     1FE66       0  CODE    
                data_code                      01FEBA  00007C  01FF36     1FEBA       0  CODE    
                KNN_code                       01FF36  0000CA  020000     1FF36       0  CODE    


UNUSED ADDRESS RANGES

        Name                Unused          Largest block    Delta
        BANK0            000060-0000FF               A0
        BANK1            00010C-0001FF               F4
        BANK10           000A00-000AFF              100
        BANK11           000B00-000BFF              100
        BANK12           000C00-000CFF              100
        BANK13           000D00-000DFF              100
        BANK14           000E00-000EFF              100
        BANK15           000F00-000F15               16
        BANK2            000250-0002FF               B0
        BANK3            000300-0003FF              100
        BANK4            000400-0004FF              100
        BANK5            000500-0005FF              100
        BANK6            000600-0006FF              100
        BANK7            000700-0007FF              100
        BANK8            000800-0008FF              100
        BANK9            000900-0009FF              100
        BIGRAM           000162-000F15              DB4
        BIGSFR           000F16-000FFF               EA
        CODE             000162-01FE3B            1FCDA
        COMRAM           000020-00005F               40
        CONST            000162-01FE3B            1FCDA
        EEDATA           F00000-F003FF              400
        IDLOC            200000-200007                8
        MEDIUMCONST      001000-00FFFF             F000
                         011000-01FE3B             EE3C
        RAM              000060-0000FF               A0
                         00010C-0001FF               F4
                         000250-000F15              100
        SFR              000F16-000FFF               4A
        SMALLCONST       001000-00FFFF              100
                         011000-01FE3B              100

                                  Symbol Table

KEYPAD_Read        keypad_code  01FE46  KEYPAD_Setup       keypad_code  01FE3C
NUM1               udata_acs    00000D  NUM2               udata_acs    000010
RESULT             udata_acs    000013  __HKNN_code        KNN_code     000000
__H__absolute__    __absolute__ 000000  __Hcode            code         000000
__Hconfig          config       30000E  __Hdata            data         000000
__Hdata_code       data_code    000000  __Hedata           edata        000000
__Hkeypad_code     keypad_code  000000  __Hlong_code       long_code    000000
__Hspace_0         (abs)        020000  __Hspace_1         (abs)        000250
__Hspace_3         (abs)        000000  __Hspace_4         (abs)        60000E
__Hudata           udata        000000  __Hudata_acs       udata_acs    000000
__Hudata_bank0     udata_bank0  000000  __Hudata_bank1     udata_bank1  000000
__Hudata_bank10    udata_bank10 000000  __Hudata_bank11    udata_bank11 000000
__Hudata_bank12    udata_bank12 000000  __Hudata_bank13    udata_bank13 000000
__Hudata_bank14    udata_bank14 000000  __Hudata_bank15    udata_bank15 000000
__Hudata_bank2     udata_bank2  000000  __Hudata_bank3     udata_bank3  000000
__Hudata_bank4     udata_bank4  000000  __Hudata_bank5     udata_bank5  000000
__Hudata_bank6     udata_bank6  000000  __Hudata_bank7     udata_bank7  000000
__Hudata_bank8     udata_bank8  000000  __Hudata_bank9     udata_bank9  000000
__LKNN_code        KNN_code     000000  __L__absolute__    __absolute__ 000000
__Lcode            code         000000  __Lconfig          config       000000
__Ldata            data         000000  __Ldata_code       data_code    000000
__Ledata           edata        000000  __Lkeypad_code     keypad_code  000000
__Llong_code       long_code    000000  __Lspace_0         (abs)        000000
__Lspace_1         (abs)        000000  __Lspace_3         (abs)        000000
__Lspace_4         (abs)        000000  __Ludata           udata        000000
__Ludata_acs       udata_acs    000000  __Ludata_bank0     udata_bank0  000000
__Ludata_bank1     udata_bank1  000000  __Ludata_bank10    udata_bank10 000000
__Ludata_bank11    udata_bank11 000000  __Ludata_bank12    udata_bank12 000000
__Ludata_bank13    udata_bank13 000000  __Ludata_bank14    udata_bank14 000000
__Ludata_bank15    udata_bank15 000000  __Ludata_bank2     udata_bank2  000000
__Ludata_bank3     udata_bank3  000000  __Ludata_bank4     udata_bank4  000000
__Ludata_bank5     udata_bank5  000000  __Ludata_bank6     udata_bank6  000000
__Ludata_bank7     udata_bank7  000000  __Ludata_bank8     udata_bank8  000000
__Ludata_bank9     udata_bank9  000000  __S0               (abs)        020000
__S1               (abs)        000250  __S3               (abs)        000000
calculate_distance KNN_code     01FF4E  data_loc           udata_bank2  000200
delay              keypad_code  01FE60  distance           udata_acs    000008
isa$std            (abs)        000001  isa$xinst          (abs)        000000
load_data          data_code    01FF14  long_add           long_code    01FE7C
long_compare       long_code    01FEA4  long_reset         long_code    01FE66
long_subtract      long_code    01FE90  parameter_1        udata_acs    000006
parameter_2        udata_acs    000007  point_1            udata_acs    000000
point_2            udata_acs    000003  setup_data         data_code    01FF0A
total_input        udata_acs    00001E  
