Microchip MPLAB XC8 PIC(R) Assembler V2.45

Linker command line:

-W-3 \
  --edf=C:\Program Files\Microchip\xc8\v2.45\pic\dat\20230818022343_en.msgs \
  -cs -h+dist/default/debug\Assembly_Code.debug.sym \
  --cmf=dist/default/debug\Assembly_Code.debug.cmf -z -Q18F87K22 \
  -oC:\Users\jc5322\AppData\Local\Temp\xcAshs0.\driver_tmp_3.o \
  --fixupoverflow=error -ver=XC8 PIC(R) Assembler --fixupoverflow=lstwarn \
  -Mdist/default/debug/Assembly_Code.debug.map -E1 --acfsm=1493 \
  -ACODE=00h-01FFFFh -ACONST=00h-01FFFFh -ASMALLCONST=01000h-010FFhx496 \
  -AMEDIUMCONST=01000h-0FFFFh,011000h-01FFFFh -ACOMRAM=00h-05Fh \
  -AABS1=00h-0F15h -ABIGRAM=00h-0F15h \
  -ARAM=060h-0FFh,0100h-01FFhx14,0F00h-0F15h -ABANK0=060h-0FFh \
  -ABANK1=0100h-01FFh -ABANK2=0200h-02FFh -ABANK3=0300h-03FFh \
  -ABANK4=0400h-04FFh -ABANK5=0500h-05FFh -ABANK6=0600h-06FFh \
  -ABANK7=0700h-07FFh -ABANK8=0800h-08FFh -ABANK9=0900h-09FFh \
  -ABANK10=0A00h-0AFFh -ABANK11=0B00h-0BFFh -ABANK12=0C00h-0CFFh \
  -ABANK13=0D00h-0DFFh -ABANK14=0E00h-0EFFh -ABANK15=0F00h-0F15h \
  -ASFR=0F16h-0F5Fh,0F60h-0FFFh -ABIGSFR=0F16h-0FFFh \
  -AIDLOC=0200000h-0200007h -AEEDATA=0F00000h-0F003FFh \
  build/default/debug/main.o build/default/debug/config.o \
  build/default/debug/longs.o build/default/debug/data_loader.o \
  build/default/debug/KNN_tools.o build/default/debug/bubble_sort.o \
  build/default/debug/UART.o build/default/debug/input_handler.o 

Object code version is 3.11

Machine type is 18F87K22



                Name                               Link     Load   Length Selector   Space Scale
build/default/debug/main.o
                code                                  0        0      2AE        0       0
                udata_bank1                         100      100       14      100       1
                udata_acs                             0        0       13        0       1
                config                           300000   300000        E        0       4
build/default/debug/config.o
                config                           300000   300000        E        0       4
build/default/debug/longs.o
                long_code                         1FE2C    1FE2C       54    1FE2C       0
                udata_acs                            29       29        9        0       1
build/default/debug/data_loader.o
                data_code                         1FDB0    1FDB0       2A    1FDB0       0
                udata_bank2                         200      200      100      200       1
                udata_bank0                          60       60       14       60       1
                udata_acs                            32       32        4        0       1
build/default/debug/KNN_tools.o
                KNN_code                          1FF36    1FF36       CA    1FF36       0
                udata_acs                            13       13        D        0       1
build/default/debug/bubble_sort.o
                bubble_code                       1FE80    1FE80       B6    1FE80       0
                udata_acs                            20       20        9        0       1
build/default/debug/UART.o
                uart_code                         1FDDA    1FDDA       52    1FDDA       0
                udata_acs                            36       36        2        0       1
build/default/debug/input_handler.o
                io_code                           1FD96    1FD96       1A    1FD96       0
                udata_acs                            38       38        1        0       1

TOTAL           Name                               Link     Load   Length     Space
        CLASS   CODE           
                code                                  0        0      2AE         0
                long_code                         1FE2C    1FE2C       54         0
                data_code                         1FDB0    1FDB0       2A         0
                KNN_code                          1FF36    1FF36       CA         0
                bubble_code                       1FE80    1FE80       B6         0
                uart_code                         1FDDA    1FDDA       52         0
                io_code                           1FD96    1FD96       1A         0

        CLASS   CONST          

        CLASS   SMALLCONST     

        CLASS   MEDIUMCONST    

        CLASS   COMRAM         
                udata_acs                             0        0       13         1
                udata_acs                            29       29        9         1
                udata_acs                            32       32        4         1
                udata_acs                            13       13        D         1
                udata_acs                            20       20        9         1
                udata_acs                            36       36        2         1
                udata_acs                            38       38        1         1

        CLASS   ABS1           

        CLASS   BIGRAM         

        CLASS   RAM            

        CLASS   BANK0          
                udata_bank0                          60       60       14         1

        CLASS   BANK1          
                udata_bank1                         100      100       14         1

        CLASS   BANK2          
                udata_bank2                         200      200      100         1

        CLASS   BANK3          

        CLASS   BANK4          

        CLASS   BANK5          

        CLASS   BANK6          

        CLASS   BANK7          

        CLASS   BANK8          

        CLASS   BANK9          

        CLASS   BANK10         

        CLASS   BANK11         

        CLASS   BANK12         

        CLASS   BANK13         

        CLASS   BANK14         

        CLASS   BANK15         

        CLASS   SFR            

        CLASS   BIGSFR         

        CLASS   IDLOC          

        CLASS   EEDATA         

        CLASS   CONFIG         
                config                           300000   300000        E         4



SEGMENTS        Name                           Load    Length   Top    Selector   Space  Class

                udata_acs                      000000  000039  000039         0       1  COMRAM  
                udata_bank0                    000060  000014  000074        60       1  BANK0   
                udata_bank1                    000100  000014  000114       100       1  BANK1   
                udata_bank2                    000200  000100  000300       200       1  BANK2   
                io_code                        01FD96  00001A  01FDB0     1FD96       0  CODE    
                data_code                      01FDB0  00002A  01FDDA     1FDB0       0  CODE    
                uart_code                      01FDDA  000052  01FE2C     1FDDA       0  CODE    
                long_code                      01FE2C  000054  01FE80     1FE2C       0  CODE    
                bubble_code                    01FE80  0000B6  01FF36     1FE80       0  CODE    
                KNN_code                       01FF36  0000CA  020000     1FF36       0  CODE    


UNUSED ADDRESS RANGES

        Name                Unused          Largest block    Delta
        BANK0            000074-0000FF               8C
        BANK1            000114-0001FF               EC
        BANK10           000A00-000AFF              100
        BANK11           000B00-000BFF              100
        BANK12           000C00-000CFF              100
        BANK13           000D00-000DFF              100
        BANK14           000E00-000EFF              100
        BANK15           000F00-000F15               16
        BANK3            000300-0003FF              100
        BANK4            000400-0004FF              100
        BANK5            000500-0005FF              100
        BANK6            000600-0006FF              100
        BANK7            000700-0007FF              100
        BANK8            000800-0008FF              100
        BANK9            000900-0009FF              100
        BIGRAM           0002AE-000F15              C68
        BIGSFR           000F16-000FFF               EA
        CODE             0002AE-01FD95            1FAE8
        COMRAM           000039-00005F               27
        CONST            0002AE-01FD95            1FAE8
        EEDATA           F00000-F003FF              400
        IDLOC            200000-200007                8
        MEDIUMCONST      001000-00FFFF             F000
                         011000-01FD95             ED96
        RAM              000074-0000FF               8C
                         000114-0001FF               EC
                         000300-000F15              100
        SFR              000F16-000FFF               4A
        SMALLCONST       001000-01FD95              100

                                  Symbol Table

NUM1                   udata_acs    000029
NUM2                   udata_acs    00002C
RESULT                 udata_acs    00002F
UART_Receive_Data      uart_code    01FE18
UART_Receive_Input     uart_code    01FE04
UART_Setup             uart_code    01FDDA
UART_Transmit_Message  uart_code    01FDEE
__HKNN_code            KNN_code     000000
__H__absolute__        __absolute__ 000000
__Hbubble_code         bubble_code  000000
__Hcode                code         000000
__Hconfig              config       30000E
__Hdata                data         000000
__Hdata_code           data_code    000000
__Hedata               edata        000000
__Hio_code             io_code      000000
__Hlong_code           long_code    000000
__Hspace_0             (abs)        020000
__Hspace_1             (abs)        000300
__Hspace_3             (abs)        000000
__Hspace_4             (abs)        60000E
__Huart_code           uart_code    000000
__Hudata               udata        000000
__Hudata_acs           udata_acs    000000
__Hudata_bank0         udata_bank0  000000
__Hudata_bank1         udata_bank1  000000
__Hudata_bank10        udata_bank10 000000
__Hudata_bank11        udata_bank11 000000
__Hudata_bank12        udata_bank12 000000
__Hudata_bank13        udata_bank13 000000
__Hudata_bank14        udata_bank14 000000
__Hudata_bank15        udata_bank15 000000
__Hudata_bank2         udata_bank2  000000
__Hudata_bank3         udata_bank3  000000
__Hudata_bank4         udata_bank4  000000
__Hudata_bank5         udata_bank5  000000
__Hudata_bank6         udata_bank6  000000
__Hudata_bank7         udata_bank7  000000
__Hudata_bank8         udata_bank8  000000
__Hudata_bank9         udata_bank9  000000
__LKNN_code            KNN_code     000000
__L__absolute__        __absolute__ 000000
__Lbubble_code         bubble_code  000000
__Lcode                code         000000
__Lconfig              config       000000
__Ldata                data         000000
__Ldata_code           data_code    000000
__Ledata               edata        000000
__Lio_code             io_code      000000
__Llong_code           long_code    000000
__Lspace_0             (abs)        000000
__Lspace_1             (abs)        000000
__Lspace_3             (abs)        000000
__Lspace_4             (abs)        000000
__Luart_code           uart_code    000000
__Ludata               udata        000000
__Ludata_acs           udata_acs    000000
__Ludata_bank0         udata_bank0  000000
__Ludata_bank1         udata_bank1  000000
__Ludata_bank10        udata_bank10 000000
__Ludata_bank11        udata_bank11 000000
__Ludata_bank12        udata_bank12 000000
__Ludata_bank13        udata_bank13 000000
__Ludata_bank14        udata_bank14 000000
__Ludata_bank15        udata_bank15 000000
__Ludata_bank2         udata_bank2  000000
__Ludata_bank3         udata_bank3  000000
__Ludata_bank4         udata_bank4  000000
__Ludata_bank5         udata_bank5  000000
__Ludata_bank6         udata_bank6  000000
__Ludata_bank7         udata_bank7  000000
__Ludata_bank8         udata_bank8  000000
__Ludata_bank9         udata_bank9  000000
__S0                   (abs)        020000
__S1                   (abs)        000300
__S3                   (abs)        000000
banks_filled           udata_acs    000035
bubble_sort            bubble_code  01FE80
calculate_distance     KNN_code     01FF4E
data_loc               udata_bank2  000200
distance               udata_acs    00001B
first_points_loc       udata_bank0  000060
input_setup            io_code      01FD96
isa$std                (abs)        000001
isa$xinst              (abs)        000000
k                      udata_acs    000000
load_data              data_code    01FDB6
load_first_points_data data_code    01FDB8
long_add               long_code    01FE42
long_compare           long_code    01FE6A
long_reset             long_code    01FE2C
long_subtract          long_code    01FE56
parameter_1            udata_acs    000019
parameter_2            udata_acs    00001A
point_1                udata_acs    000013
point_2                udata_acs    000016
predict_point          udata_acs    000001
receive_input          io_code      01FD9C
setup_data             data_code    01FDB0
signal                 udata_acs    000038
